2026-07-18 05:13:04 UTC outcome=skipped
2026-07-19 05:38:53 UTC outcome=skipped
2026-07-20 05:56:01 UTC outcome=skipped
2026-07-20 17:45:11 UTC approve outcome=success
2026-07-21 05:38:54 UTC outcome=failure
2026-07-21 06:09:16 UTC approve outcome=success
2026-07-21 09:06:47 UTC approve outcome=success
2026-07-22 05:38:07 UTC outcome=failure
2026-07-22 06:07:50 UTC approve outcome=success
2026-07-22 09:05:09 UTC approve outcome=success
2026-07-23 05:42:18 UTC outcome=failure
2026-07-23 06:13:28 UTC approve outcome=success
2026-07-23 09:04:02 UTC approve outcome=success
2026-07-24 05:38:38 UTC outcome=failure
2026-07-24 06:07:08 UTC approve outcome=success
2026-07-24 09:00:46 UTC approve outcome=success
2026-07-25 05:32:41 UTC outcome=failure
2026-07-25 05:59:03 UTC approve outcome=success
2026-07-25 08:27:31 UTC approve outcome=success
2026-07-25 10:18:19 UTC approve outcome=success
2026-07-26 05:49:02 UTC outcome=failure
2026-07-26 06:18:55 UTC approve outcome=success
2026-07-26 08:42:40 UTC approve outcome=success
2026-07-26 10:25:12 UTC approve outcome=success
2026-07-26 10:53:20 UTC outcome=failure
2026-07-26 11:01:33 UTC approve outcome=failure
2026-07-26 11:29:29 UTC approve outcome=failure
2026-07-26 11:31:57 UTC approve outcome=success
2026-07-26 12:32:28 UTC outcome=failure
2026-07-26 12:54:24 UTC approve outcome=success
2026-07-27 06:14:40 UTC outcome=success
2026-07-27 06:46:44 UTC approve outcome=success
2026-07-27 10:30:32 UTC approve outcome=success
2026-07-28 05:35:45 UTC outcome=success
2026-07-28 06:06:21 UTC approve outcome=success
2026-07-28 09:12:30 UTC approve outcome=success
2026-07-29 05:40:09 UTC outcome=success
2026-07-29 06:10:57 UTC approve outcome=success
2026-07-29 09:18:19 UTC approve outcome=success
